
> odd-manager-react-vite@0.1.0 prebuild
> npm run contracts:build


> odd-manager-react-vite@0.1.0 contracts:build
> tsc -p packages/developer-control-contracts/tsconfig.json


> odd-manager-react-vite@0.1.0 build
> vite build

vite v5.4.21 building for production...
transforming...
✓ 4302 modules transformed.
rendering chunks...
computing gzip size...
dist/index.html                                           0.40 kB │ gzip:   0.27 kB
dist/assets/index-C6O8VzWE.css                          157.29 kB │ gzip:  24.56 kB
dist/assets/clone-BjlQTJBw.js                             0.09 kB │ gzip:   0.11 kB
dist/assets/channel-DzBE-j0q.js                           0.11 kB │ gzip:   0.12 kB
dist/assets/init-Gi6I4Gst.js                              0.15 kB │ gzip:   0.13 kB
dist/assets/chunk-QZHKN3VN-Df38kDo-.js                    0.19 kB │ gzip:   0.16 kB
dist/assets/chunk-55IACEB6-DQqO3f8W.js                    0.23 kB │ gzip:   0.20 kB
dist/assets/chunk-4BX2VUAB-Ggkgl-Xg.js                    0.29 kB │ gzip:   0.20 kB
dist/assets/stateDiagram-v2-QKLJ7IA2-CltvFJal.js          0.36 kB │ gzip:   0.27 kB
dist/assets/chunk-FMBD7UC4-VXd2SyF8.js                    0.36 kB │ gzip:   0.27 kB
dist/assets/classDiagram-6PBFFD2Q-CBE_Zz7W.js             0.43 kB │ gzip:   0.30 kB
dist/assets/classDiagram-v2-HSJHXN6E-CBE_Zz7W.js          0.43 kB │ gzip:   0.30 kB
dist/assets/chunk-EDXVE4YY-DaGNOEUc.js                    0.53 kB │ gzip:   0.37 kB
dist/assets/min-BxujKDF1.js                               0.59 kB │ gzip:   0.37 kB
dist/assets/infoDiagram-42DDH7IO-DeCwXI6c.js              0.61 kB │ gzip:   0.42 kB
dist/assets/ordinal-Cboi1Yqb.js                           1.19 kB │ gzip:   0.57 kB
dist/assets/chunk-YZCP3GAM-CTbp2DAZ.js                    1.85 kB │ gzip:   0.82 kB
dist/assets/diagram-5BDNPKRD-waAq0NoL.js                  2.78 kB │ gzip:   1.37 kB
dist/assets/json-Cp-IABpG.js                              2.82 kB │ gzip:   0.78 kB
dist/assets/arc-oAE4Aaie.js                               3.43 kB │ gzip:   1.45 kB
dist/assets/diagram-TYMM5635-2vYtICBE.js                  4.27 kB │ gzip:   1.85 kB
dist/assets/defaultLocale-DX6XiGOO.js                     4.69 kB │ gzip:   2.17 kB
dist/assets/pieDiagram-DEJITSTG-BZOXsT-x.js               5.34 kB │ gzip:   2.37 kB
dist/assets/linear-DO_qozFy.js                            5.65 kB │ gzip:   2.31 kB
dist/assets/diagram-MMDJMWI5-CeJK5XNU.js                  5.98 kB │ gzip:   2.51 kB
dist/assets/_baseUniq-DCbDRqAg.js                         8.49 kB │ gzip:   3.52 kB
dist/assets/graph-D4nngLGU.js                             9.36 kB │ gzip:   3.19 kB
dist/assets/stateDiagram-FHFEXIEX-CqN2Cz8L.js            10.38 kB │ gzip:   3.63 kB
dist/assets/yaml-Buea-lGh.js                             10.51 kB │ gzip:   2.26 kB
dist/assets/github-light-DAi9KRSo.js                     11.18 kB │ gzip:   2.52 kB
dist/assets/dagre-KV5264BT-BK02JqhZ.js                   11.22 kB │ gzip:   4.18 kB
dist/assets/github-dark-DHJKELXO.js                      11.41 kB │ gzip:   2.56 kB
dist/assets/rust-B1yitclQ.js                             15.07 kB │ gzip:   2.70 kB
dist/assets/diagram-G4DWMVQ6-BTpuvlKv.js                 15.94 kB │ gzip:   5.70 kB
dist/assets/ishikawaDiagram-UXIWVN3A-D_aGIKlb.js         17.53 kB │ gzip:   6.61 kB
dist/assets/kanban-definition-6JOO6SKY-BBbO8bqo.js       20.66 kB │ gzip:   7.20 kB
dist/assets/sankeyDiagram-XADWPNL6-CCPyAtLP.js           22.20 kB │ gzip:   8.10 kB
dist/assets/journeyDiagram-VCZTEJTY-CMsMo9ol.js          23.55 kB │ gzip:   8.29 kB
dist/assets/mindmap-definition-QFDTVHPH-w_dcr8CA.js      23.60 kB │ gzip:   7.91 kB
dist/assets/wardleyDiagram-NUSXRM2D-DYQ_AUpe.js          24.83 kB │ gzip:   6.68 kB
dist/assets/erDiagram-SMLLAGMA-DlXvrgE6.js               26.93 kB │ gzip:   9.27 kB
dist/assets/java-CylS5w8V.js                             27.22 kB │ gzip:   4.27 kB
dist/assets/scala-C151Ov-r.js                            28.88 kB │ gzip:   3.93 kB
dist/assets/layout-D1w6p4L0.js                           29.28 kB │ gzip:  10.52 kB
dist/assets/gitGraphDiagram-UUTBAWPF-BN0-DcsM.js         29.96 kB │ gzip:   8.87 kB
dist/assets/requirementDiagram-MS252O5E-DDev6S94.js      31.17 kB │ gzip:   9.67 kB
dist/assets/timeline-definition-GMOUNBTQ-BaAOf0u9.js     31.32 kB │ gzip:  10.36 kB
dist/assets/quadrantDiagram-34T5L4WZ-CzvAcxns.js         34.28 kB │ gzip:   9.97 kB
dist/assets/chunk-OYMX7WX6-BwQ5oUTn.js                   37.41 kB │ gzip:  12.03 kB
dist/assets/xychartDiagram-5P7HB3ND-CS4sPhcg.js          40.35 kB │ gzip:  11.46 kB
dist/assets/vennDiagram-DHZGUBPP-B3X-MyhA.js             41.80 kB │ gzip:  15.42 kB
dist/assets/chunk-4TB4RGXK-D2b4fCQ_.js                   47.32 kB │ gzip:  14.97 kB
dist/assets/markdown-Cvjx9yec.js                         59.34 kB │ gzip:   5.63 kB
dist/assets/flowDiagram-DWJPFMVM-ifOhiKlo.js             61.14 kB │ gzip:  19.22 kB
dist/assets/ganttDiagram-T4ZO3ILL-t4BAbWVE.js            69.14 kB │ gzip:  23.00 kB
dist/assets/c4Diagram-AHTNJAMY-Bt9EU4eV.js               69.92 kB │ gzip:  19.46 kB
dist/assets/blockDiagram-DXYQGD6D-C0LII3di.js            72.25 kB │ gzip:  20.42 kB
dist/assets/cose-bilkent-S5V4N54A-BDE-I_nt.js            81.51 kB │ gzip:  22.34 kB
dist/assets/sequenceDiagram-FGHM5R23-DgjdJm71.js        117.02 kB │ gzip:  30.82 kB
dist/assets/architectureDiagram-Q4EWVU46-BQ45HsUN.js    149.41 kB │ gzip:  41.92 kB
dist/assets/javascript-wDzz0qaB.js                      174.83 kB │ gzip:  16.60 kB
dist/assets/tsx-COt5Ahok.js                             175.54 kB │ gzip:  16.59 kB
dist/assets/jsx-g9-lgVsj.js                             177.79 kB │ gzip:  16.72 kB
dist/assets/typescript-BPQ3VLAy.js                      181.08 kB │ gzip:  16.11 kB
dist/assets/katex-DkKDou_j.js                           256.23 kB │ gzip:  76.68 kB
dist/assets/cytoscape.esm-CyJtwmzi.js                   442.41 kB │ gzip: 141.28 kB
dist/assets/wardley-RL74JXVD-VUttJE64.js                536.70 kB │ gzip: 123.07 kB
dist/assets/index-FzHANtBP.js                         1,917.57 kB │ gzip: 495.62 kB
✓ built in 3.78s

(!) Some chunks are larger than 500 kB after minification. Consider:
- Using dynamic import() to code-split the application
- Use build.rollupOptions.output.manualChunks to improve chunking: https://rollupjs.org/configuration-options/#output-manualchunks
- Adjust chunk size limit for this warning via build.chunkSizeWarningLimit.
