
> odd-manager-react-vite@0.1.0 prebuild
> npm run contracts:build


> odd-manager-react-vite@0.1.0 contracts:build
> tsc -p packages/developer-control-contracts/tsconfig.json


> odd-manager-react-vite@0.1.0 build
> vite build

vite v5.4.21 building for production...
transforming...
✓ 4302 modules transformed.
rendering chunks...
computing gzip size...
dist/index.html                                           0.40 kB │ gzip:   0.27 kB
dist/assets/index-C6O8VzWE.css                          157.29 kB │ gzip:  24.56 kB
dist/assets/clone-B4T7voEb.js                             0.09 kB │ gzip:   0.11 kB
dist/assets/channel-CSNScGce.js                           0.11 kB │ gzip:   0.12 kB
dist/assets/init-Gi6I4Gst.js                              0.15 kB │ gzip:   0.13 kB
dist/assets/chunk-QZHKN3VN-Bbqnr1rr.js                    0.19 kB │ gzip:   0.16 kB
dist/assets/chunk-55IACEB6-5WUrALsI.js                    0.23 kB │ gzip:   0.21 kB
dist/assets/chunk-4BX2VUAB-BUhQ6ZYw.js                    0.29 kB │ gzip:   0.20 kB
dist/assets/stateDiagram-v2-QKLJ7IA2-BSL3N-UI.js          0.36 kB │ gzip:   0.27 kB
dist/assets/chunk-FMBD7UC4-W-nPiiYH.js                    0.36 kB │ gzip:   0.27 kB
dist/assets/classDiagram-6PBFFD2Q-C41-B-kC.js             0.43 kB │ gzip:   0.30 kB
dist/assets/classDiagram-v2-HSJHXN6E-C41-B-kC.js          0.43 kB │ gzip:   0.30 kB
dist/assets/chunk-EDXVE4YY-BMdFEahB.js                    0.53 kB │ gzip:   0.37 kB
dist/assets/min-DGpuO-8u.js                               0.59 kB │ gzip:   0.37 kB
dist/assets/infoDiagram-42DDH7IO-BADHC-Sa.js              0.61 kB │ gzip:   0.42 kB
dist/assets/ordinal-Cboi1Yqb.js                           1.19 kB │ gzip:   0.57 kB
dist/assets/chunk-YZCP3GAM-De0aWtbN.js                    1.85 kB │ gzip:   0.82 kB
dist/assets/diagram-5BDNPKRD-JS9cLEuj.js                  2.78 kB │ gzip:   1.37 kB
dist/assets/json-Cp-IABpG.js                              2.82 kB │ gzip:   0.78 kB
dist/assets/arc-L4NGqDUM.js                               3.43 kB │ gzip:   1.46 kB
dist/assets/diagram-TYMM5635-DmcurjlT.js                  4.27 kB │ gzip:   1.86 kB
dist/assets/defaultLocale-DX6XiGOO.js                     4.69 kB │ gzip:   2.17 kB
dist/assets/pieDiagram-DEJITSTG-BLijLBrg.js               5.34 kB │ gzip:   2.38 kB
dist/assets/linear-C-K9r7JN.js                            5.65 kB │ gzip:   2.31 kB
dist/assets/diagram-MMDJMWI5-FaoFuDux.js                  5.98 kB │ gzip:   2.51 kB
dist/assets/_baseUniq-Bh4krn6T.js                         8.49 kB │ gzip:   3.52 kB
dist/assets/graph-D7dH3ygQ.js                             9.36 kB │ gzip:   3.19 kB
dist/assets/stateDiagram-FHFEXIEX-Btq2W-B6.js            10.38 kB │ gzip:   3.63 kB
dist/assets/yaml-Buea-lGh.js                             10.51 kB │ gzip:   2.26 kB
dist/assets/github-light-DAi9KRSo.js                     11.18 kB │ gzip:   2.52 kB
dist/assets/dagre-KV5264BT-Bjx6lxW-.js                   11.22 kB │ gzip:   4.18 kB
dist/assets/github-dark-DHJKELXO.js                      11.41 kB │ gzip:   2.56 kB
dist/assets/rust-B1yitclQ.js                             15.07 kB │ gzip:   2.70 kB
dist/assets/diagram-G4DWMVQ6-vPDRduRY.js                 15.94 kB │ gzip:   5.70 kB
dist/assets/ishikawaDiagram-UXIWVN3A-BbGIB_Zj.js         17.53 kB │ gzip:   6.61 kB
dist/assets/kanban-definition-6JOO6SKY-CSDtSXgs.js       20.66 kB │ gzip:   7.20 kB
dist/assets/sankeyDiagram-XADWPNL6-ChlXCqEq.js           22.20 kB │ gzip:   8.10 kB
dist/assets/journeyDiagram-VCZTEJTY-Dab9QuQs.js          23.55 kB │ gzip:   8.29 kB
dist/assets/mindmap-definition-QFDTVHPH-h4dZzNsr.js      23.60 kB │ gzip:   7.90 kB
dist/assets/wardleyDiagram-NUSXRM2D-BBIEnUzP.js          24.83 kB │ gzip:   6.68 kB
dist/assets/erDiagram-SMLLAGMA-CY9OMCkX.js               26.93 kB │ gzip:   9.27 kB
dist/assets/java-CylS5w8V.js                             27.22 kB │ gzip:   4.27 kB
dist/assets/scala-C151Ov-r.js                            28.88 kB │ gzip:   3.93 kB
dist/assets/layout-D4m9Gw_H.js                           29.28 kB │ gzip:  10.52 kB
dist/assets/gitGraphDiagram-UUTBAWPF-Fnp-mcZn.js         29.96 kB │ gzip:   8.87 kB
dist/assets/requirementDiagram-MS252O5E-DiVh6E-M.js      31.17 kB │ gzip:   9.67 kB
dist/assets/timeline-definition-GMOUNBTQ-Ccu0SDxJ.js     31.32 kB │ gzip:  10.36 kB
dist/assets/quadrantDiagram-34T5L4WZ-C6XImUx6.js         34.28 kB │ gzip:   9.97 kB
dist/assets/chunk-OYMX7WX6-D4l836K2.js                   37.41 kB │ gzip:  12.03 kB
dist/assets/xychartDiagram-5P7HB3ND-CcjwFsry.js          40.35 kB │ gzip:  11.46 kB
dist/assets/vennDiagram-DHZGUBPP-DQMam6qZ.js             41.80 kB │ gzip:  15.42 kB
dist/assets/chunk-4TB4RGXK-C8mFVPO2.js                   47.32 kB │ gzip:  14.97 kB
dist/assets/markdown-Cvjx9yec.js                         59.34 kB │ gzip:   5.63 kB
dist/assets/flowDiagram-DWJPFMVM-fkrZDi3T.js             61.14 kB │ gzip:  19.22 kB
dist/assets/ganttDiagram-T4ZO3ILL-PbaZeyzC.js            69.14 kB │ gzip:  23.00 kB
dist/assets/c4Diagram-AHTNJAMY-DcbMpjqK.js               69.92 kB │ gzip:  19.46 kB
dist/assets/blockDiagram-DXYQGD6D-DmaICj4l.js            72.25 kB │ gzip:  20.42 kB
dist/assets/cose-bilkent-S5V4N54A-CwdE2Aa8.js            81.51 kB │ gzip:  22.34 kB
dist/assets/sequenceDiagram-FGHM5R23-BUko2uqG.js        117.02 kB │ gzip:  30.82 kB
dist/assets/architectureDiagram-Q4EWVU46-BsIofxjY.js    149.41 kB │ gzip:  41.92 kB
dist/assets/javascript-wDzz0qaB.js                      174.83 kB │ gzip:  16.60 kB
dist/assets/tsx-COt5Ahok.js                             175.54 kB │ gzip:  16.59 kB
dist/assets/jsx-g9-lgVsj.js                             177.79 kB │ gzip:  16.72 kB
dist/assets/typescript-BPQ3VLAy.js                      181.08 kB │ gzip:  16.11 kB
dist/assets/katex-DkKDou_j.js                           256.23 kB │ gzip:  76.68 kB
dist/assets/cytoscape.esm-CyJtwmzi.js                   442.41 kB │ gzip: 141.28 kB
dist/assets/wardley-RL74JXVD-dOSnPUIx.js                536.70 kB │ gzip: 123.06 kB
dist/assets/index-BfVN7G51.js                         1,916.12 kB │ gzip: 495.15 kB
✓ built in 3.81s

(!) Some chunks are larger than 500 kB after minification. Consider:
- Using dynamic import() to code-split the application
- Use build.rollupOptions.output.manualChunks to improve chunking: https://rollupjs.org/configuration-options/#output-manualchunks
- Adjust chunk size limit for this warning via build.chunkSizeWarningLimit.
